-- The C compiler identification is GNU 11.4.0
-- The CXX compiler identification is GNU 11.4.0
-- Detecting C compiler ABI info
-- Detecting C compiler ABI info - done
-- Check for working C compiler: /usr/bin/cc - skipped
-- Detecting C compile features
-- Detecting C compile features - done
-- Detecting CXX compiler ABI info
-- Detecting CXX compiler ABI info - done
-- Check for working CXX compiler: /usr/bin/c++ - skipped
-- Detecting CXX compile features
-- Detecting CXX compile features - done
-- Performing Test COMPILER_SUPPORTS_CXX11
-- Performing Test COMPILER_SUPPORTS_CXX11 - Success
-- Performing Test COMPILER_SUPPORTS_CXX0X
-- Performing Test COMPILER_SUPPORTS_CXX0X - Success
-- Using flag -std=c++20.
-- Found OpenCV: /usr/local (found suitable version "4.4.0", minimum required is "4.4") 
-- Looking for pthread.h
-- Looking for pthread.h - found
-- Performing Test CMAKE_HAVE_LIBC_PTHREAD
-- Performing Test CMAKE_HAVE_LIBC_PTHREAD - Success
-- Found Threads: TRUE  
-- Found Python3: /usr/include/python3.10 (found version "3.10.12") found components: Development Development.Module Development.Embed 
-- BUILD TYPE:Release
-- Compiling on Unix
-- Found OpenMP_C: -fopenmp (found version "4.5") 
-- Found OpenMP_CXX: -fopenmp (found version "4.5") 
-- Found OpenMP: TRUE (found version "4.5")  
-- Configuring done
-- Generating done
-- Build files have been written to: /home/orb/ORB_SLAM3/build/ORB_SLAM3
[ 11%] [32mBuilding CXX object CMakeFiles/ORB_SLAM3.dir/src/LoopClosing.cc.o[0m
[ 11%] [32mBuilding CXX object CMakeFiles/ORB_SLAM3.dir/src/Tracking.cc.o[0m
[ 11%] [32mBuilding CXX object Thirdparty/g2o/CMakeFiles/g2o.dir/g2o/types/types_six_dof_expmap.cpp.o[0m
[ 11%] [32mBuilding CXX object Thirdparty/g2o/CMakeFiles/g2o.dir/g2o/core/hyper_graph.cpp.o[0m
[ 11%] [32mBuilding CXX object CMakeFiles/ORB_SLAM3.dir/src/ORBextractor.cc.o[0m
[ 11%] [32mBuilding CXX object Thirdparty/g2o/CMakeFiles/g2o.dir/g2o/types/types_sba.cpp.o[0m
[ 11%] [32mBuilding CXX object CMakeFiles/ORB_SLAM3.dir/src/FrameDrawer.cc.o[0m
[ 18%] [32mBuilding CXX object CMakeFiles/ORB_SLAM3.dir/src/System.cc.o[0m
[ 20%] [32mBuilding CXX object Thirdparty/g2o/CMakeFiles/g2o.dir/g2o/core/matrix_structure.cpp.o[0m
[ 21%] [32mBuilding CXX object CMakeFiles/ORB_SLAM3.dir/src/ORBmatcher.cc.o[0m
[ 18%] [32mBuilding CXX object CMakeFiles/ORB_SLAM3.dir/src/MapPoint.cc.o[0m
[ 21%] [32mBuilding CXX object Thirdparty/g2o/CMakeFiles/g2o.dir/g2o/types/types_seven_dof_expmap.cpp.o[0m
[ 21%] [32mBuilding CXX object Thirdparty/g2o/CMakeFiles/g2o.dir/g2o/core/hyper_graph_action.cpp.o[0m
[ 25%] [32mBuilding CXX object CMakeFiles/ORB_SLAM3.dir/src/Converter.cc.o[0m
[ 26%] [32mBuilding CXX object Thirdparty/g2o/CMakeFiles/g2o.dir/g2o/core/marginal_covariance_cholesky.cpp.o[0m
[ 26%] [32mBuilding CXX object CMakeFiles/ORB_SLAM3.dir/src/LocalMapping.cc.o[0m
[ 28%] [32mBuilding CXX object Thirdparty/g2o/CMakeFiles/g2o.dir/g2o/core/parameter.cpp.o[0m
[ 30%] [32mBuilding CXX object Thirdparty/g2o/CMakeFiles/g2o.dir/g2o/core/batch_stats.cpp.o[0m
[ 31%] [32mBuilding CXX object CMakeFiles/ORB_SLAM3.dir/src/KeyFrame.cc.o[0m
[ 33%] [32mBuilding CXX object CMakeFiles/ORB_SLAM3.dir/src/Atlas.cc.o[0m
[ 35%] [32mBuilding CXX object Thirdparty/g2o/CMakeFiles/g2o.dir/g2o/core/cache.cpp.o[0m
[ 36%] [32mBuilding CXX object Thirdparty/g2o/CMakeFiles/g2o.dir/g2o/core/optimizable_graph.cpp.o[0m
[ 38%] [32mBuilding CXX object CMakeFiles/ORB_SLAM3.dir/src/Map.cc.o[0m
[ 40%] [32mBuilding CXX object Thirdparty/g2o/CMakeFiles/g2o.dir/g2o/core/solver.cpp.o[0m
[ 41%] [32mBuilding CXX object CMakeFiles/ORB_SLAM3.dir/src/MapDrawer.cc.o[0m
[ 43%] [32mBuilding CXX object Thirdparty/g2o/CMakeFiles/g2o.dir/g2o/core/optimization_algorithm_factory.cpp.o[0m
[ 45%] [32mBuilding CXX object Thirdparty/g2o/CMakeFiles/g2o.dir/g2o/core/estimate_propagator.cpp.o[0m
[ 46%] [32mBuilding CXX object CMakeFiles/ORB_SLAM3.dir/src/Optimizer.cc.o[0m
[ 48%] [32mBuilding CXX object Thirdparty/g2o/CMakeFiles/g2o.dir/g2o/core/factory.cpp.o[0m
[ 50%] [32mBuilding CXX object Thirdparty/g2o/CMakeFiles/g2o.dir/g2o/core/sparse_optimizer.cpp.o[0m
[ 51%] [32mBuilding CXX object CMakeFiles/ORB_SLAM3.dir/src/Frame.cc.o[0m
[ 53%] [32mBuilding CXX object CMakeFiles/ORB_SLAM3.dir/src/KeyFrameDatabase.cc.o[0m
[ 55%] [32mBuilding CXX object Thirdparty/g2o/CMakeFiles/g2o.dir/g2o/core/hyper_dijkstra.cpp.o[0m
[ 56%] [32mBuilding CXX object Thirdparty/g2o/CMakeFiles/g2o.dir/g2o/core/parameter_container.cpp.o[0m
[ 58%] [32mBuilding CXX object Thirdparty/g2o/CMakeFiles/g2o.dir/g2o/core/optimization_algorithm.cpp.o[0m
[ 60%] [32mBuilding CXX object Thirdparty/g2o/CMakeFiles/g2o.dir/g2o/core/optimization_algorithm_with_hessian.cpp.o[0m
[ 61%] [32mBuilding CXX object Thirdparty/g2o/CMakeFiles/g2o.dir/g2o/core/optimization_algorithm_levenberg.cpp.o[0m
[ 63%] [32mBuilding CXX object Thirdparty/g2o/CMakeFiles/g2o.dir/g2o/core/optimization_algorithm_gauss_newton.cpp.o[0m
[ 65%] [32mBuilding CXX object Thirdparty/g2o/CMakeFiles/g2o.dir/g2o/core/jacobian_workspace.cpp.o[0m
[ 66%] [32mBuilding CXX object CMakeFiles/ORB_SLAM3.dir/src/Sim3Solver.cc.o[0m
[ 68%] [32mBuilding CXX object CMakeFiles/ORB_SLAM3.dir/src/Viewer.cc.o[0m
[ 70%] [32mBuilding CXX object CMakeFiles/ORB_SLAM3.dir/src/ImuTypes.cc.o[0m
[ 71%] [32mBuilding CXX object Thirdparty/g2o/CMakeFiles/g2o.dir/g2o/core/robust_kernel.cpp.o[0m
[ 73%] [32mBuilding CXX object Thirdparty/g2o/CMakeFiles/g2o.dir/g2o/core/robust_kernel_factory.cpp.o[0m
[ 75%] [32mBuilding CXX object CMakeFiles/ORB_SLAM3.dir/src/G2oTypes.cc.o[0m
[ 76%] [32mBuilding CXX object CMakeFiles/ORB_SLAM3.dir/src/CameraModels/Pinhole.cpp.o[0m
[ 78%] [32mBuilding CXX object Thirdparty/g2o/CMakeFiles/g2o.dir/g2o/core/robust_kernel_impl.cpp.o[0m
[ 80%] [32mBuilding CXX object Thirdparty/g2o/CMakeFiles/g2o.dir/g2o/stuff/timeutil.cpp.o[0m
[ 81%] [32mBuilding CXX object CMakeFiles/ORB_SLAM3.dir/src/CameraModels/KannalaBrandt8.cpp.o[0m
[ 83%] [32mBuilding CXX object CMakeFiles/ORB_SLAM3.dir/src/OptimizableTypes.cpp.o[0m
[ 85%] [32mBuilding C object Thirdparty/g2o/CMakeFiles/g2o.dir/g2o/stuff/os_specific.c.o[0m
[ 86%] [32mBuilding CXX object Thirdparty/g2o/CMakeFiles/g2o.dir/g2o/stuff/string_tools.cpp.o[0m
[ 88%] [32mBuilding CXX object Thirdparty/g2o/CMakeFiles/g2o.dir/g2o/stuff/property.cpp.o[0m
[ 90%] [32mBuilding CXX object CMakeFiles/ORB_SLAM3.dir/src/MLPnPsolver.cpp.o[0m
[ 91%] [32mBuilding CXX object CMakeFiles/ORB_SLAM3.dir/src/GeometricTools.cc.o[0m
[ 93%] [32m[1mLinking CXX shared library ../../../../Thirdparty/g2o/lib/libg2o.so[0m
[ 93%] Built target g2o
[ 95%] [32mBuilding CXX object CMakeFiles/ORB_SLAM3.dir/src/TwoViewReconstruction.cc.o[0m
[ 96%] [32mBuilding CXX object CMakeFiles/ORB_SLAM3.dir/src/Config.cc.o[0m
[ 98%] [32mBuilding CXX object CMakeFiles/ORB_SLAM3.dir/src/Settings.cc.o[0m
