[0.018s] Invoking command in '/root/build/slam_msgs': CMAKE_PREFIX_PATH=${CMAKE_PREFIX_PATH}:/opt/ros/humble /usr/bin/cmake /root/colcon_ws/src/slam_msgs -DCMAKE_INSTALL_PREFIX=/root/install/slam_msgs
[0.124s] -- The C compiler identification is GNU 11.4.0
[0.177s] -- The CXX compiler identification is GNU 11.4.0
[0.186s] -- Detecting C compiler ABI info
[0.253s] -- Detecting C compiler ABI info - done
[0.258s] -- Check for working C compiler: /usr/bin/cc - skipped
[0.259s] -- Detecting C compile features
[0.259s] -- Detecting C compile features - done
[0.262s] -- Detecting CXX compiler ABI info
[0.337s] -- Detecting CXX compiler ABI info - done
[0.342s] -- Check for working CXX compiler: /usr/bin/c++ - skipped
[0.342s] -- Detecting CXX compile features
[0.343s] -- Detecting CXX compile features - done
[0.353s] -- Found ament_cmake: 1.3.12 (/opt/ros/humble/share/ament_cmake/cmake)
[0.486s] -- Found Python3: /usr/bin/python3 (found version "3.10.12") found components: Interpreter 
[0.578s] -- Found rclcpp: 16.0.17 (/opt/ros/humble/share/rclcpp/cmake)
[0.635s] -- Found rosidl_generator_c: 3.1.8 (/opt/ros/humble/share/rosidl_generator_c/cmake)
[0.642s] -- Found rosidl_adapter: 3.1.8 (/opt/ros/humble/share/rosidl_adapter/cmake)
[0.653s] -- Found rosidl_generator_cpp: 3.1.8 (/opt/ros/humble/share/rosidl_generator_cpp/cmake)
[0.671s] -- Using all available rosidl_typesupport_c: rosidl_typesupport_fastrtps_c;rosidl_typesupport_introspection_c
[0.696s] -- Using all available rosidl_typesupport_cpp: rosidl_typesupport_fastrtps_cpp;rosidl_typesupport_introspection_cpp
[0.757s] -- Found rmw_implementation_cmake: 6.1.2 (/opt/ros/humble/share/rmw_implementation_cmake/cmake)
[0.761s] -- Found rmw_cyclonedds_cpp: 1.3.4 (/opt/ros/humble/share/rmw_cyclonedds_cpp/cmake)
[0.790s] -- Using RMW implementation 'rmw_cyclonedds_cpp' as default
[0.805s] -- Looking for pthread.h
[0.876s] -- Looking for pthread.h - found
[0.876s] -- Performing Test CMAKE_HAVE_LIBC_PTHREAD
[0.947s] -- Performing Test CMAKE_HAVE_LIBC_PTHREAD - Success
[0.948s] -- Found Threads: TRUE  
[1.013s] -- Found geometry_msgs: 4.9.0 (/opt/ros/humble/share/geometry_msgs/cmake)
[1.027s] -- Found sensor_msgs: 4.9.0 (/opt/ros/humble/share/sensor_msgs/cmake)
[1.044s] -- Found rosidl_default_generators: 1.2.0 (/opt/ros/humble/share/rosidl_default_generators/cmake)
[1.323s] -- Found ament_cmake_ros: 0.10.0 (/opt/ros/humble/share/ament_cmake_ros/cmake)
[1.685s] -- Using all available rosidl_typesupport_c: rosidl_typesupport_fastrtps_c;rosidl_typesupport_introspection_c
[1.820s] -- Using all available rosidl_typesupport_cpp: rosidl_typesupport_fastrtps_cpp;rosidl_typesupport_introspection_cpp
[1.842s] -- Found PythonInterp: /usr/bin/python3 (found suitable version "3.10.12", minimum required is "3.6") 
[1.845s] -- Found python_cmake_module: 0.10.0 (/opt/ros/humble/share/python_cmake_module/cmake)
[1.870s] -- Found PythonLibs: /usr/lib/x86_64-linux-gnu/libpython3.10.so (found suitable version "3.10.12", minimum required is "3.5") 
[1.870s] -- Using PYTHON_EXECUTABLE: /usr/bin/python3
[1.870s] -- Using PYTHON_INCLUDE_DIRS: /usr/include/python3.10
[1.870s] -- Using PYTHON_LIBRARIES: /usr/lib/x86_64-linux-gnu/libpython3.10.so
[1.887s] -- Found PythonExtra: .so  
[1.952s] -- Configuring done
[1.990s] -- Generating done
[2.000s] -- Build files have been written to: /root/build/slam_msgs
[2.011s] Invoked command in '/root/build/slam_msgs' returned '0': CMAKE_PREFIX_PATH=${CMAKE_PREFIX_PATH}:/opt/ros/humble /usr/bin/cmake /root/colcon_ws/src/slam_msgs -DCMAKE_INSTALL_PREFIX=/root/install/slam_msgs
[2.013s] Invoking command in '/root/build/slam_msgs': CMAKE_PREFIX_PATH=${CMAKE_PREFIX_PATH}:/opt/ros/humble /usr/bin/cmake --build /root/build/slam_msgs -- -j16 -l16
[2.057s] [  1%] [34m[1mGenerating C code for ROS interfaces[0m
[2.066s] [  2%] [34m[1mGenerating C++ code for ROS interfaces[0m
[2.075s] [  2%] Built target ament_cmake_python_copy_slam_msgs
[2.232s] running egg_info
[2.233s] creating slam_msgs.egg-info
[2.233s] writing slam_msgs.egg-info/PKG-INFO
[2.233s] writing dependency_links to slam_msgs.egg-info/dependency_links.txt
[2.234s] writing top-level names to slam_msgs.egg-info/top_level.txt
[2.234s] writing manifest file 'slam_msgs.egg-info/SOURCES.txt'
[2.236s] reading manifest file 'slam_msgs.egg-info/SOURCES.txt'
[2.236s] writing manifest file 'slam_msgs.egg-info/SOURCES.txt'
[2.275s] [  2%] Built target ament_cmake_python_build_slam_msgs_egg
[2.723s] [  2%] Built target slam_msgs__cpp
[2.734s] [  4%] [34m[1mGenerating C++ type support dispatch for ROS interfaces[0m
[2.734s] [  4%] [34m[1mGenerating C++ type support for eProsima Fast-RTPS[0m
[2.734s] [  5%] [34m[1mGenerating C++ introspection for ROS interfaces[0m
[2.747s] [ 13%] [32mBuilding C object CMakeFiles/slam_msgs__rosidl_generator_c.dir/rosidl_generator_c/slam_msgs/msg/detail/map_point__functions.c.o[0m
[2.747s] [ 13%] [32mBuilding C object CMakeFiles/slam_msgs__rosidl_generator_c.dir/rosidl_generator_c/slam_msgs/msg/detail/map_data__functions.c.o[0m
[2.747s] [ 13%] [32mBuilding C object CMakeFiles/slam_msgs__rosidl_generator_c.dir/rosidl_generator_c/slam_msgs/srv/detail/get_all_landmarks_in_map__functions.c.o[0m
[2.747s] [ 13%] [32mBuilding C object CMakeFiles/slam_msgs__rosidl_generator_c.dir/rosidl_generator_c/slam_msgs/srv/detail/get_global_point_cloud__functions.c.o[0m
[2.747s] [ 13%] [32mBuilding C object CMakeFiles/slam_msgs__rosidl_generator_c.dir/rosidl_generator_c/slam_msgs/msg/detail/map_graph__functions.c.o[0m
[2.747s] [ 13%] [32mBuilding C object CMakeFiles/slam_msgs__rosidl_generator_c.dir/rosidl_generator_c/slam_msgs/srv/detail/get_map__functions.c.o[0m
[2.747s] [ 13%] [32mBuilding C object CMakeFiles/slam_msgs__rosidl_generator_c.dir/rosidl_generator_c/slam_msgs/srv/detail/get_landmarks_in_view__functions.c.o[0m
[2.747s] [ 13%] [32mBuilding C object CMakeFiles/slam_msgs__rosidl_generator_c.dir/rosidl_generator_c/slam_msgs/msg/detail/key_frame__functions.c.o[0m
[2.749s] [ 14%] [32mBuilding C object CMakeFiles/slam_msgs__rosidl_generator_c.dir/rosidl_generator_c/slam_msgs/msg/detail/slam_info__functions.c.o[0m
[2.815s] [ 15%] [32m[1mLinking C shared library libslam_msgs__rosidl_generator_c.so[0m
[2.855s] [ 15%] Built target slam_msgs__rosidl_generator_c
[2.866s] [ 18%] [34m[1mGenerating C introspection for ROS interfaces[0m
[2.866s] [ 18%] [34m[1mGenerating C type support for eProsima Fast-RTPS[0m
[2.866s] [ 18%] [34m[1mGenerating C type support dispatch for ROS interfaces[0m
[3.204s] [ 20%] [32mBuilding CXX object CMakeFiles/slam_msgs__rosidl_typesupport_cpp.dir/rosidl_typesupport_cpp/slam_msgs/msg/map_data__type_support.cpp.o[0m
[3.204s] [ 22%] [32mBuilding CXX object CMakeFiles/slam_msgs__rosidl_typesupport_cpp.dir/rosidl_typesupport_cpp/slam_msgs/msg/slam_info__type_support.cpp.o[0m
[3.204s] [ 22%] [32mBuilding CXX object CMakeFiles/slam_msgs__rosidl_typesupport_cpp.dir/rosidl_typesupport_cpp/slam_msgs/msg/map_point__type_support.cpp.o[0m
[3.205s] [ 23%] [32mBuilding CXX object CMakeFiles/slam_msgs__rosidl_typesupport_cpp.dir/rosidl_typesupport_cpp/slam_msgs/msg/key_frame__type_support.cpp.o[0m
[3.205s] [ 24%] [32mBuilding CXX object CMakeFiles/slam_msgs__rosidl_typesupport_cpp.dir/rosidl_typesupport_cpp/slam_msgs/srv/get_all_landmarks_in_map__type_support.cpp.o[0m
[3.208s] [ 25%] [32mBuilding CXX object CMakeFiles/slam_msgs__rosidl_typesupport_cpp.dir/rosidl_typesupport_cpp/slam_msgs/msg/map_graph__type_support.cpp.o[0m
[3.212s] [ 27%] [32mBuilding CXX object CMakeFiles/slam_msgs__rosidl_typesupport_cpp.dir/rosidl_typesupport_cpp/slam_msgs/srv/get_global_point_cloud__type_support.cpp.o[0m
[3.215s] [ 27%] [32mBuilding CXX object CMakeFiles/slam_msgs__rosidl_typesupport_cpp.dir/rosidl_typesupport_cpp/slam_msgs/srv/get_landmarks_in_view__type_support.cpp.o[0m
[3.216s] [ 28%] [32mBuilding CXX object CMakeFiles/slam_msgs__rosidl_typesupport_cpp.dir/rosidl_typesupport_cpp/slam_msgs/srv/get_map__type_support.cpp.o[0m
[3.324s] [ 29%] [32mBuilding CXX object CMakeFiles/slam_msgs__rosidl_typesupport_introspection_cpp.dir/rosidl_typesupport_introspection_cpp/slam_msgs/msg/detail/map_graph__type_support.cpp.o[0m
[3.328s] [ 30%] [32mBuilding CXX object CMakeFiles/slam_msgs__rosidl_typesupport_introspection_cpp.dir/rosidl_typesupport_introspection_cpp/slam_msgs/msg/detail/map_data__type_support.cpp.o[0m
[3.337s] [ 31%] [32mBuilding CXX object CMakeFiles/slam_msgs__rosidl_typesupport_introspection_cpp.dir/rosidl_typesupport_introspection_cpp/slam_msgs/msg/detail/key_frame__type_support.cpp.o[0m
[3.645s] [ 32%] [32mBuilding CXX object CMakeFiles/slam_msgs__rosidl_typesupport_introspection_cpp.dir/rosidl_typesupport_introspection_cpp/slam_msgs/msg/detail/map_point__type_support.cpp.o[0m
[3.700s] [ 33%] [32mBuilding CXX object CMakeFiles/slam_msgs__rosidl_typesupport_introspection_cpp.dir/rosidl_typesupport_introspection_cpp/slam_msgs/msg/detail/slam_info__type_support.cpp.o[0m
[3.706s] [ 34%] [32mBuilding CXX object CMakeFiles/slam_msgs__rosidl_typesupport_introspection_cpp.dir/rosidl_typesupport_introspection_cpp/slam_msgs/srv/detail/get_map__type_support.cpp.o[0m
[3.719s] [ 35%] [32mBuilding CXX object CMakeFiles/slam_msgs__rosidl_typesupport_introspection_cpp.dir/rosidl_typesupport_introspection_cpp/slam_msgs/srv/detail/get_landmarks_in_view__type_support.cpp.o[0m
[3.736s] [ 36%] [32mBuilding CXX object CMakeFiles/slam_msgs__rosidl_typesupport_introspection_cpp.dir/rosidl_typesupport_introspection_cpp/slam_msgs/srv/detail/get_all_landmarks_in_map__type_support.cpp.o[0m
[3.740s] [ 37%] [32mBuilding CXX object CMakeFiles/slam_msgs__rosidl_typesupport_c.dir/rosidl_typesupport_c/slam_msgs/msg/map_graph__type_support.cpp.o[0m
[3.757s] [ 38%] [32mBuilding CXX object CMakeFiles/slam_msgs__rosidl_typesupport_c.dir/rosidl_typesupport_c/slam_msgs/msg/map_data__type_support.cpp.o[0m
[3.774s] [ 40%] [32mBuilding CXX object CMakeFiles/slam_msgs__rosidl_typesupport_c.dir/rosidl_typesupport_c/slam_msgs/msg/key_frame__type_support.cpp.o[0m
[3.775s] [ 41%] [32mBuilding CXX object CMakeFiles/slam_msgs__rosidl_typesupport_introspection_cpp.dir/rosidl_typesupport_introspection_cpp/slam_msgs/srv/detail/get_global_point_cloud__type_support.cpp.o[0m
[3.830s] [ 42%] [32m[1mLinking CXX shared library libslam_msgs__rosidl_typesupport_cpp.so[0m
[3.842s] [ 43%] [32mBuilding CXX object CMakeFiles/slam_msgs__rosidl_typesupport_c.dir/rosidl_typesupport_c/slam_msgs/msg/map_point__type_support.cpp.o[0m
[3.850s] [ 44%] [32mBuilding CXX object CMakeFiles/slam_msgs__rosidl_typesupport_fastrtps_cpp.dir/rosidl_typesupport_fastrtps_cpp/slam_msgs/msg/detail/dds_fastrtps/map_graph__type_support.cpp.o[0m
[3.857s] [ 45%] [32mBuilding CXX object CMakeFiles/slam_msgs__rosidl_typesupport_c.dir/rosidl_typesupport_c/slam_msgs/srv/get_map__type_support.cpp.o[0m
[3.864s] [ 46%] [32mBuilding CXX object CMakeFiles/slam_msgs__rosidl_typesupport_c.dir/rosidl_typesupport_c/slam_msgs/msg/slam_info__type_support.cpp.o[0m
[3.911s] [ 47%] [32mBuilding CXX object CMakeFiles/slam_msgs__rosidl_typesupport_fastrtps_c.dir/rosidl_typesupport_fastrtps_c/slam_msgs/msg/detail/map_graph__type_support_c.cpp.o[0m
[3.945s] [ 48%] [32mBuilding CXX object CMakeFiles/slam_msgs__rosidl_typesupport_fastrtps_c.dir/rosidl_typesupport_fastrtps_c/slam_msgs/msg/detail/map_data__type_support_c.cpp.o[0m
[3.966s] [ 48%] Built target slam_msgs__rosidl_typesupport_cpp
[3.976s] [ 49%] [32mBuilding CXX object CMakeFiles/slam_msgs__rosidl_typesupport_c.dir/rosidl_typesupport_c/slam_msgs/srv/get_landmarks_in_view__type_support.cpp.o[0m
[3.977s] [ 50%] [32mBuilding CXX object CMakeFiles/slam_msgs__rosidl_typesupport_fastrtps_cpp.dir/rosidl_typesupport_fastrtps_cpp/slam_msgs/msg/detail/dds_fastrtps/map_data__type_support.cpp.o[0m
[4.001s] [ 51%] [32mBuilding CXX object CMakeFiles/slam_msgs__rosidl_typesupport_c.dir/rosidl_typesupport_c/slam_msgs/srv/get_all_landmarks_in_map__type_support.cpp.o[0m
[4.005s] [ 52%] [32mBuilding CXX object CMakeFiles/slam_msgs__rosidl_typesupport_c.dir/rosidl_typesupport_c/slam_msgs/srv/get_global_point_cloud__type_support.cpp.o[0m
[4.039s] [ 53%] [32mBuilding C object CMakeFiles/slam_msgs__rosidl_typesupport_introspection_c.dir/rosidl_typesupport_introspection_c/slam_msgs/msg/detail/map_graph__type_support.c.o[0m
[4.040s] [ 54%] [32mBuilding C object CMakeFiles/slam_msgs__rosidl_typesupport_introspection_c.dir/rosidl_typesupport_introspection_c/slam_msgs/msg/detail/map_data__type_support.c.o[0m
[4.063s] [ 55%] [32mBuilding C object CMakeFiles/slam_msgs__rosidl_typesupport_introspection_c.dir/rosidl_typesupport_introspection_c/slam_msgs/msg/detail/key_frame__type_support.c.o[0m
[4.073s] [ 56%] [32mBuilding CXX object CMakeFiles/slam_msgs__rosidl_typesupport_fastrtps_cpp.dir/rosidl_typesupport_fastrtps_cpp/slam_msgs/msg/detail/dds_fastrtps/key_frame__type_support.cpp.o[0m
[4.092s] [ 57%] [32m[1mLinking CXX shared library libslam_msgs__rosidl_typesupport_c.so[0m
[4.130s] [ 58%] [32mBuilding CXX object CMakeFiles/slam_msgs__rosidl_typesupport_fastrtps_cpp.dir/rosidl_typesupport_fastrtps_cpp/slam_msgs/msg/detail/dds_fastrtps/map_point__type_support.cpp.o[0m
[4.142s] [ 60%] [32mBuilding CXX object CMakeFiles/slam_msgs__rosidl_typesupport_fastrtps_c.dir/rosidl_typesupport_fastrtps_c/slam_msgs/msg/detail/map_point__type_support_c.cpp.o[0m
[4.149s] [ 61%] [32mBuilding CXX object CMakeFiles/slam_msgs__rosidl_typesupport_fastrtps_c.dir/rosidl_typesupport_fastrtps_c/slam_msgs/msg/detail/key_frame__type_support_c.cpp.o[0m
[4.180s] [ 62%] [32mBuilding C object CMakeFiles/slam_msgs__rosidl_typesupport_introspection_c.dir/rosidl_typesupport_introspection_c/slam_msgs/msg/detail/map_point__type_support.c.o[0m
[4.197s] [ 63%] [32mBuilding C object CMakeFiles/slam_msgs__rosidl_typesupport_introspection_c.dir/rosidl_typesupport_introspection_c/slam_msgs/msg/detail/slam_info__type_support.c.o[0m
[4.223s] [ 63%] Built target slam_msgs__rosidl_typesupport_c
[4.245s] [ 64%] [32mBuilding CXX object CMakeFiles/slam_msgs__rosidl_typesupport_fastrtps_cpp.dir/rosidl_typesupport_fastrtps_cpp/slam_msgs/msg/detail/dds_fastrtps/slam_info__type_support.cpp.o[0m
[4.264s] [ 65%] [32mBuilding CXX object CMakeFiles/slam_msgs__rosidl_typesupport_fastrtps_c.dir/rosidl_typesupport_fastrtps_c/slam_msgs/msg/detail/slam_info__type_support_c.cpp.o[0m
[4.333s] [ 66%] [32mBuilding CXX object CMakeFiles/slam_msgs__rosidl_typesupport_fastrtps_c.dir/rosidl_typesupport_fastrtps_c/slam_msgs/srv/detail/get_map__type_support_c.cpp.o[0m
[4.334s] [ 67%] [32mBuilding C object CMakeFiles/slam_msgs__rosidl_typesupport_introspection_c.dir/rosidl_typesupport_introspection_c/slam_msgs/srv/detail/get_map__type_support.c.o[0m
[4.382s] [ 68%] [32mBuilding CXX object CMakeFiles/slam_msgs__rosidl_typesupport_fastrtps_cpp.dir/rosidl_typesupport_fastrtps_cpp/slam_msgs/srv/detail/dds_fastrtps/get_map__type_support.cpp.o[0m
[4.438s] [ 69%] [32mBuilding CXX object CMakeFiles/slam_msgs__rosidl_typesupport_fastrtps_cpp.dir/rosidl_typesupport_fastrtps_cpp/slam_msgs/srv/detail/dds_fastrtps/get_landmarks_in_view__type_support.cpp.o[0m
[4.446s] [ 70%] [32mBuilding C object CMakeFiles/slam_msgs__rosidl_typesupport_introspection_c.dir/rosidl_typesupport_introspection_c/slam_msgs/srv/detail/get_landmarks_in_view__type_support.c.o[0m
[4.486s] [ 71%] [32mBuilding CXX object CMakeFiles/slam_msgs__rosidl_typesupport_fastrtps_cpp.dir/rosidl_typesupport_fastrtps_cpp/slam_msgs/srv/detail/dds_fastrtps/get_all_landmarks_in_map__type_support.cpp.o[0m
[4.486s] [ 72%] [32mBuilding C object CMakeFiles/slam_msgs__rosidl_typesupport_introspection_c.dir/rosidl_typesupport_introspection_c/slam_msgs/srv/detail/get_all_landmarks_in_map__type_support.c.o[0m
[4.512s] [ 73%] [32mBuilding CXX object CMakeFiles/slam_msgs__rosidl_typesupport_fastrtps_c.dir/rosidl_typesupport_fastrtps_c/slam_msgs/srv/detail/get_landmarks_in_view__type_support_c.cpp.o[0m
[4.532s] [ 74%] [32mBuilding CXX object CMakeFiles/slam_msgs__rosidl_typesupport_fastrtps_c.dir/rosidl_typesupport_fastrtps_c/slam_msgs/srv/detail/get_all_landmarks_in_map__type_support_c.cpp.o[0m
[4.545s] [ 75%] [32m[1mLinking CXX shared library libslam_msgs__rosidl_typesupport_introspection_cpp.so[0m
[4.562s] [ 76%] [32mBuilding C object CMakeFiles/slam_msgs__rosidl_typesupport_introspection_c.dir/rosidl_typesupport_introspection_c/slam_msgs/srv/detail/get_global_point_cloud__type_support.c.o[0m
[4.660s] [ 78%] [32m[1mLinking C shared library libslam_msgs__rosidl_typesupport_introspection_c.so[0m
[4.665s] [ 78%] [32mBuilding CXX object CMakeFiles/slam_msgs__rosidl_typesupport_fastrtps_cpp.dir/rosidl_typesupport_fastrtps_cpp/slam_msgs/srv/detail/dds_fastrtps/get_global_point_cloud__type_support.cpp.o[0m
[4.675s] [ 80%] [32mBuilding CXX object CMakeFiles/slam_msgs__rosidl_typesupport_fastrtps_c.dir/rosidl_typesupport_fastrtps_c/slam_msgs/srv/detail/get_global_point_cloud__type_support_c.cpp.o[0m
[4.725s] [ 80%] Built target slam_msgs__rosidl_typesupport_introspection_c
[4.800s] [ 80%] Built target slam_msgs__rosidl_typesupport_introspection_cpp
[5.034s] [ 81%] [32m[1mLinking CXX shared library libslam_msgs__rosidl_typesupport_fastrtps_c.so[0m
[5.117s] [ 82%] [32m[1mLinking CXX shared library libslam_msgs__rosidl_typesupport_fastrtps_cpp.so[0m
[5.145s] [ 82%] Built target slam_msgs__rosidl_typesupport_fastrtps_c
[5.236s] [ 82%] Built target slam_msgs__rosidl_typesupport_fastrtps_cpp
[5.260s] [ 82%] Built target slam_msgs
[5.286s] [ 83%] [34m[1mGenerating Python code for ROS interfaces[0m
[6.289s] [ 83%] Built target slam_msgs__py
[6.313s] [ 90%] [32mBuilding C object CMakeFiles/slam_msgs__rosidl_generator_py.dir/rosidl_generator_py/slam_msgs/srv/_get_landmarks_in_view_s.c.o[0m
[6.313s] [ 90%] [32mBuilding C object CMakeFiles/slam_msgs__rosidl_generator_py.dir/rosidl_generator_py/slam_msgs/msg/_map_point_s.c.o[0m
[6.313s] [ 90%] [32mBuilding C object CMakeFiles/slam_msgs__rosidl_generator_py.dir/rosidl_generator_py/slam_msgs/msg/_map_graph_s.c.o[0m
[6.313s] [ 90%] [32mBuilding C object CMakeFiles/slam_msgs__rosidl_generator_py.dir/rosidl_generator_py/slam_msgs/srv/_get_all_landmarks_in_map_s.c.o[0m
[6.313s] [ 90%] [32mBuilding C object CMakeFiles/slam_msgs__rosidl_generator_py.dir/rosidl_generator_py/slam_msgs/srv/_get_map_s.c.o[0m
[6.313s] [ 90%] [32mBuilding C object CMakeFiles/slam_msgs__rosidl_generator_py.dir/rosidl_generator_py/slam_msgs/msg/_slam_info_s.c.o[0m
[6.313s] [ 91%] [32mBuilding C object CMakeFiles/slam_msgs__rosidl_generator_py.dir/rosidl_generator_py/slam_msgs/msg/_map_data_s.c.o[0m
[6.313s] [ 91%] [32mBuilding C object CMakeFiles/slam_msgs__rosidl_generator_py.dir/rosidl_generator_py/slam_msgs/msg/_key_frame_s.c.o[0m
[6.313s] [ 92%] [32mBuilding C object CMakeFiles/slam_msgs__rosidl_generator_py.dir/rosidl_generator_py/slam_msgs/srv/_get_global_point_cloud_s.c.o[0m
[6.433s] [ 93%] [32m[1mLinking C shared library rosidl_generator_py/slam_msgs/libslam_msgs__rosidl_generator_py.so[0m
[6.477s] [ 93%] Built target slam_msgs__rosidl_generator_py
[6.496s] [ 95%] [32mBuilding C object CMakeFiles/slam_msgs__rosidl_typesupport_c__pyext.dir/rosidl_generator_py/slam_msgs/_slam_msgs_s.ep.rosidl_typesupport_c.c.o[0m
[6.497s] [ 95%] [32mBuilding C object CMakeFiles/slam_msgs__rosidl_typesupport_introspection_c__pyext.dir/rosidl_generator_py/slam_msgs/_slam_msgs_s.ep.rosidl_typesupport_introspection_c.c.o[0m
[6.497s] [ 96%] [32mBuilding C object CMakeFiles/slam_msgs__rosidl_typesupport_fastrtps_c__pyext.dir/rosidl_generator_py/slam_msgs/_slam_msgs_s.ep.rosidl_typesupport_fastrtps_c.c.o[0m
[6.602s] [100%] [32m[1mLinking C shared library rosidl_generator_py/slam_msgs/slam_msgs_s__rosidl_typesupport_fastrtps_c.cpython-310-x86_64-linux-gnu.so[0m
[6.602s] [100%] [32m[1mLinking C shared library rosidl_generator_py/slam_msgs/slam_msgs_s__rosidl_typesupport_c.cpython-310-x86_64-linux-gnu.so[0m
[6.602s] [100%] [32m[1mLinking C shared library rosidl_generator_py/slam_msgs/slam_msgs_s__rosidl_typesupport_introspection_c.cpython-310-x86_64-linux-gnu.so[0m
[6.641s] [100%] Built target slam_msgs__rosidl_typesupport_introspection_c__pyext
[6.641s] [100%] Built target slam_msgs__rosidl_typesupport_c__pyext
[6.641s] [100%] Built target slam_msgs__rosidl_typesupport_fastrtps_c__pyext
[6.654s] Invoked command in '/root/build/slam_msgs' returned '0': CMAKE_PREFIX_PATH=${CMAKE_PREFIX_PATH}:/opt/ros/humble /usr/bin/cmake --build /root/build/slam_msgs -- -j16 -l16
[6.664s] Invoking command in '/root/build/slam_msgs': CMAKE_PREFIX_PATH=${CMAKE_PREFIX_PATH}:/opt/ros/humble /usr/bin/cmake --install /root/build/slam_msgs
[6.671s] -- Install configuration: ""
[6.671s] -- Installing: /root/install/slam_msgs/share/ament_index/resource_index/rosidl_interfaces/slam_msgs
[6.671s] -- Installing: /root/install/slam_msgs/include/slam_msgs/slam_msgs
[6.671s] -- Installing: /root/install/slam_msgs/include/slam_msgs/slam_msgs/msg
[6.671s] -- Installing: /root/install/slam_msgs/include/slam_msgs/slam_msgs/msg/slam_info.h
[6.671s] -- Installing: /root/install/slam_msgs/include/slam_msgs/slam_msgs/msg/map_data.h
[6.672s] -- Installing: /root/install/slam_msgs/include/slam_msgs/slam_msgs/msg/detail
[6.672s] -- Installing: /root/install/slam_msgs/include/slam_msgs/slam_msgs/msg/detail/map_data__type_support.h
[6.672s] -- Installing: /root/install/slam_msgs/include/slam_msgs/slam_msgs/msg/detail/map_graph__functions.c
[6.672s] -- Installing: /root/install/slam_msgs/include/slam_msgs/slam_msgs/msg/detail/key_frame__type_support.h
[6.672s] -- Installing: /root/install/slam_msgs/include/slam_msgs/slam_msgs/msg/detail/key_frame__functions.c
[6.672s] -- Installing: /root/install/slam_msgs/include/slam_msgs/slam_msgs/msg/detail/map_point__functions.h
[6.672s] -- Installing: /root/install/slam_msgs/include/slam_msgs/slam_msgs/msg/detail/key_frame__functions.h
[6.672s] -- Installing: /root/install/slam_msgs/include/slam_msgs/slam_msgs/msg/detail/map_point__struct.h
[6.672s] -- Installing: /root/install/slam_msgs/include/slam_msgs/slam_msgs/msg/detail/map_graph__type_support.h
[6.672s] -- Installing: /root/install/slam_msgs/include/slam_msgs/slam_msgs/msg/detail/slam_info__functions.c
[6.673s] -- Installing: /root/install/slam_msgs/include/slam_msgs/slam_msgs/msg/detail/map_data__functions.c
[6.673s] -- Installing: /root/install/slam_msgs/include/slam_msgs/slam_msgs/msg/detail/key_frame__struct.h
[6.673s] -- Installing: /root/install/slam_msgs/include/slam_msgs/slam_msgs/msg/detail/map_graph__struct.h
[6.673s] -- Installing: /root/install/slam_msgs/include/slam_msgs/slam_msgs/msg/detail/map_point__functions.c
[6.673s] -- Installing: /root/install/slam_msgs/include/slam_msgs/slam_msgs/msg/detail/map_graph__functions.h
[6.673s] -- Installing: /root/install/slam_msgs/include/slam_msgs/slam_msgs/msg/detail/slam_info__functions.h
[6.673s] -- Installing: /root/install/slam_msgs/include/slam_msgs/slam_msgs/msg/detail/map_point__type_support.h
[6.673s] -- Installing: /root/install/slam_msgs/include/slam_msgs/slam_msgs/msg/detail/map_data__struct.h
[6.673s] -- Installing: /root/install/slam_msgs/include/slam_msgs/slam_msgs/msg/detail/slam_info__struct.h
[6.673s] -- Installing: /root/install/slam_msgs/include/slam_msgs/slam_msgs/msg/detail/map_data__functions.h
[6.673s] -- Installing: /root/install/slam_msgs/include/slam_msgs/slam_msgs/msg/detail/slam_info__type_support.h
[6.673s] -- Installing: /root/install/slam_msgs/include/slam_msgs/slam_msgs/msg/map_point.h
[6.673s] -- Installing: /root/install/slam_msgs/include/slam_msgs/slam_msgs/msg/key_frame.h
[6.674s] -- Installing: /root/install/slam_msgs/include/slam_msgs/slam_msgs/msg/rosidl_generator_c__visibility_control.h
[6.674s] -- Installing: /root/install/slam_msgs/include/slam_msgs/slam_msgs/msg/map_graph.h
[6.674s] -- Installing: /root/install/slam_msgs/include/slam_msgs/slam_msgs/srv
[6.674s] -- Installing: /root/install/slam_msgs/include/slam_msgs/slam_msgs/srv/get_landmarks_in_view.h
[6.674s] -- Installing: /root/install/slam_msgs/include/slam_msgs/slam_msgs/srv/detail
[6.674s] -- Installing: /root/install/slam_msgs/include/slam_msgs/slam_msgs/srv/detail/get_landmarks_in_view__type_support.h
[6.674s] -- Installing: /root/install/slam_msgs/include/slam_msgs/slam_msgs/srv/detail/get_all_landmarks_in_map__type_support.h
[6.674s] -- Installing: /root/install/slam_msgs/include/slam_msgs/slam_msgs/srv/detail/get_landmarks_in_view__struct.h
[6.674s] -- Installing: /root/install/slam_msgs/include/slam_msgs/slam_msgs/srv/detail/get_landmarks_in_view__functions.c
[6.674s] -- Installing: /root/install/slam_msgs/include/slam_msgs/slam_msgs/srv/detail/get_all_landmarks_in_map__functions.c
[6.674s] -- Installing: /root/install/slam_msgs/include/slam_msgs/slam_msgs/srv/detail/get_map__struct.h
[6.674s] -- Installing: /root/install/slam_msgs/include/slam_msgs/slam_msgs/srv/detail/get_map__functions.c
[6.675s] -- Installing: /root/install/slam_msgs/include/slam_msgs/slam_msgs/srv/detail/get_map__type_support.h
[6.675s] -- Installing: /root/install/slam_msgs/include/slam_msgs/slam_msgs/srv/detail/get_global_point_cloud__type_support.h
[6.675s] -- Installing: /root/install/slam_msgs/include/slam_msgs/slam_msgs/srv/detail/get_map__functions.h
[6.675s] -- Installing: /root/install/slam_msgs/include/slam_msgs/slam_msgs/srv/detail/get_all_landmarks_in_map__functions.h
[6.675s] -- Installing: /root/install/slam_msgs/include/slam_msgs/slam_msgs/srv/detail/get_all_landmarks_in_map__struct.h
[6.675s] -- Installing: /root/install/slam_msgs/include/slam_msgs/slam_msgs/srv/detail/get_global_point_cloud__struct.h
[6.675s] -- Installing: /root/install/slam_msgs/include/slam_msgs/slam_msgs/srv/detail/get_global_point_cloud__functions.c
[6.675s] -- Installing: /root/install/slam_msgs/include/slam_msgs/slam_msgs/srv/detail/get_global_point_cloud__functions.h
[6.675s] -- Installing: /root/install/slam_msgs/include/slam_msgs/slam_msgs/srv/detail/get_landmarks_in_view__functions.h
[6.675s] -- Installing: /root/install/slam_msgs/include/slam_msgs/slam_msgs/srv/get_global_point_cloud.h
[6.675s] -- Installing: /root/install/slam_msgs/include/slam_msgs/slam_msgs/srv/get_map.h
[6.676s] -- Installing: /root/install/slam_msgs/include/slam_msgs/slam_msgs/srv/get_all_landmarks_in_map.h
[6.676s] -- Installing: /root/install/slam_msgs/share/slam_msgs/environment/library_path.sh
[6.676s] -- Installing: /root/install/slam_msgs/share/slam_msgs/environment/library_path.dsv
[6.676s] -- Installing: /root/install/slam_msgs/lib/libslam_msgs__rosidl_generator_c.so
[6.677s] -- Set runtime path of "/root/install/slam_msgs/lib/libslam_msgs__rosidl_generator_c.so" to ""
[6.677s] -- Up-to-date: /root/install/slam_msgs/include/slam_msgs/slam_msgs
[6.677s] -- Up-to-date: /root/install/slam_msgs/include/slam_msgs/slam_msgs/msg
[6.677s] -- Up-to-date: /root/install/slam_msgs/include/slam_msgs/slam_msgs/msg/detail
[6.677s] -- Installing: /root/install/slam_msgs/include/slam_msgs/slam_msgs/msg/detail/map_graph__rosidl_typesupport_fastrtps_c.h
[6.677s] -- Installing: /root/install/slam_msgs/include/slam_msgs/slam_msgs/msg/detail/map_point__rosidl_typesupport_fastrtps_c.h
[6.677s] -- Installing: /root/install/slam_msgs/include/slam_msgs/slam_msgs/msg/detail/map_data__rosidl_typesupport_fastrtps_c.h
[6.677s] -- Installing: /root/install/slam_msgs/include/slam_msgs/slam_msgs/msg/detail/key_frame__rosidl_typesupport_fastrtps_c.h
[6.677s] -- Installing: /root/install/slam_msgs/include/slam_msgs/slam_msgs/msg/detail/slam_info__rosidl_typesupport_fastrtps_c.h
[6.677s] -- Installing: /root/install/slam_msgs/include/slam_msgs/slam_msgs/msg/rosidl_typesupport_fastrtps_c__visibility_control.h
[6.677s] -- Up-to-date: /root/install/slam_msgs/include/slam_msgs/slam_msgs/srv
[6.677s] -- Up-to-date: /root/install/slam_msgs/include/slam_msgs/slam_msgs/srv/detail
[6.677s] -- Installing: /root/install/slam_msgs/include/slam_msgs/slam_msgs/srv/detail/get_map__rosidl_typesupport_fastrtps_c.h
[6.677s] -- Installing: /root/install/slam_msgs/include/slam_msgs/slam_msgs/srv/detail/get_all_landmarks_in_map__rosidl_typesupport_fastrtps_c.h
[6.678s] -- Installing: /root/install/slam_msgs/include/slam_msgs/slam_msgs/srv/detail/get_global_point_cloud__rosidl_typesupport_fastrtps_c.h
[6.678s] -- Installing: /root/install/slam_msgs/include/slam_msgs/slam_msgs/srv/detail/get_landmarks_in_view__rosidl_typesupport_fastrtps_c.h
[6.678s] -- Installing: /root/install/slam_msgs/lib/libslam_msgs__rosidl_typesupport_fastrtps_c.so
[6.678s] -- Set runtime path of "/root/install/slam_msgs/lib/libslam_msgs__rosidl_typesupport_fastrtps_c.so" to ""
[6.678s] -- Up-to-date: /root/install/slam_msgs/include/slam_msgs/slam_msgs
[6.678s] -- Up-to-date: /root/install/slam_msgs/include/slam_msgs/slam_msgs/msg
[6.678s] -- Installing: /root/install/slam_msgs/include/slam_msgs/slam_msgs/msg/key_frame.hpp
[6.678s] -- Installing: /root/install/slam_msgs/include/slam_msgs/slam_msgs/msg/rosidl_generator_cpp__visibility_control.hpp
[6.678s] -- Installing: /root/install/slam_msgs/include/slam_msgs/slam_msgs/msg/map_graph.hpp
[6.678s] -- Up-to-date: /root/install/slam_msgs/include/slam_msgs/slam_msgs/msg/detail
[6.679s] -- Installing: /root/install/slam_msgs/include/slam_msgs/slam_msgs/msg/detail/map_point__struct.hpp
[6.679s] -- Installing: /root/install/slam_msgs/include/slam_msgs/slam_msgs/msg/detail/map_data__traits.hpp
[6.679s] -- Installing: /root/install/slam_msgs/include/slam_msgs/slam_msgs/msg/detail/map_graph__struct.hpp
[6.679s] -- Installing: /root/install/slam_msgs/include/slam_msgs/slam_msgs/msg/detail/map_graph__traits.hpp
[6.679s] -- Installing: /root/install/slam_msgs/include/slam_msgs/slam_msgs/msg/detail/map_point__traits.hpp
[6.679s] -- Installing: /root/install/slam_msgs/include/slam_msgs/slam_msgs/msg/detail/map_graph__type_support.hpp
[6.679s] -- Installing: /root/install/slam_msgs/include/slam_msgs/slam_msgs/msg/detail/map_data__builder.hpp
[6.679s] -- Installing: /root/install/slam_msgs/include/slam_msgs/slam_msgs/msg/detail/slam_info__builder.hpp
[6.679s] -- Installing: /root/install/slam_msgs/include/slam_msgs/slam_msgs/msg/detail/map_point__builder.hpp
[6.679s] -- Installing: /root/install/slam_msgs/include/slam_msgs/slam_msgs/msg/detail/map_point__type_support.hpp
[6.679s] -- Installing: /root/install/slam_msgs/include/slam_msgs/slam_msgs/msg/detail/map_data__struct.hpp
[6.680s] -- Installing: /root/install/slam_msgs/include/slam_msgs/slam_msgs/msg/detail/key_frame__type_support.hpp
[6.680s] -- Installing: /root/install/slam_msgs/include/slam_msgs/slam_msgs/msg/detail/key_frame__traits.hpp
[6.680s] -- Installing: /root/install/slam_msgs/include/slam_msgs/slam_msgs/msg/detail/key_frame__builder.hpp
[6.680s] -- Installing: /root/install/slam_msgs/include/slam_msgs/slam_msgs/msg/detail/map_graph__builder.hpp
[6.680s] -- Installing: /root/install/slam_msgs/include/slam_msgs/slam_msgs/msg/detail/slam_info__type_support.hpp
[6.680s] -- Installing: /root/install/slam_msgs/include/slam_msgs/slam_msgs/msg/detail/slam_info__struct.hpp
[6.680s] -- Installing: /root/install/slam_msgs/include/slam_msgs/slam_msgs/msg/detail/key_frame__struct.hpp
[6.680s] -- Installing: /root/install/slam_msgs/include/slam_msgs/slam_msgs/msg/detail/map_data__type_support.hpp
[6.680s] -- Installing: /root/install/slam_msgs/include/slam_msgs/slam_msgs/msg/detail/slam_info__traits.hpp
[6.680s] -- Installing: /root/install/slam_msgs/include/slam_msgs/slam_msgs/msg/slam_info.hpp
[6.681s] -- Installing: /root/install/slam_msgs/include/slam_msgs/slam_msgs/msg/map_point.hpp
[6.681s] -- Installing: /root/install/slam_msgs/include/slam_msgs/slam_msgs/msg/map_data.hpp
[6.681s] -- Up-to-date: /root/install/slam_msgs/include/slam_msgs/slam_msgs/srv
[6.681s] -- Up-to-date: /root/install/slam_msgs/include/slam_msgs/slam_msgs/srv/detail
[6.681s] -- Installing: /root/install/slam_msgs/include/slam_msgs/slam_msgs/srv/detail/get_global_point_cloud__builder.hpp
[6.681s] -- Installing: /root/install/slam_msgs/include/slam_msgs/slam_msgs/srv/detail/get_landmarks_in_view__type_support.hpp
[6.681s] -- Installing: /root/install/slam_msgs/include/slam_msgs/slam_msgs/srv/detail/get_all_landmarks_in_map__builder.hpp
[6.681s] -- Installing: /root/install/slam_msgs/include/slam_msgs/slam_msgs/srv/detail/get_map__type_support.hpp
[6.681s] -- Installing: /root/install/slam_msgs/include/slam_msgs/slam_msgs/srv/detail/get_all_landmarks_in_map__traits.hpp
[6.681s] -- Installing: /root/install/slam_msgs/include/slam_msgs/slam_msgs/srv/detail/get_map__struct.hpp
[6.681s] -- Installing: /root/install/slam_msgs/include/slam_msgs/slam_msgs/srv/detail/get_map__traits.hpp
[6.681s] -- Installing: /root/install/slam_msgs/include/slam_msgs/slam_msgs/srv/detail/get_global_point_cloud__traits.hpp
[6.682s] -- Installing: /root/install/slam_msgs/include/slam_msgs/slam_msgs/srv/detail/get_landmarks_in_view__struct.hpp
[6.682s] -- Installing: /root/install/slam_msgs/include/slam_msgs/slam_msgs/srv/detail/get_landmarks_in_view__traits.hpp
[6.682s] -- Installing: /root/install/slam_msgs/include/slam_msgs/slam_msgs/srv/detail/get_global_point_cloud__struct.hpp
[6.682s] -- Installing: /root/install/slam_msgs/include/slam_msgs/slam_msgs/srv/detail/get_all_landmarks_in_map__struct.hpp
[6.682s] -- Installing: /root/install/slam_msgs/include/slam_msgs/slam_msgs/srv/detail/get_map__builder.hpp
[6.682s] -- Installing: /root/install/slam_msgs/include/slam_msgs/slam_msgs/srv/detail/get_all_landmarks_in_map__type_support.hpp
[6.682s] -- Installing: /root/install/slam_msgs/include/slam_msgs/slam_msgs/srv/detail/get_landmarks_in_view__builder.hpp
[6.682s] -- Installing: /root/install/slam_msgs/include/slam_msgs/slam_msgs/srv/detail/get_global_point_cloud__type_support.hpp
[6.682s] -- Installing: /root/install/slam_msgs/include/slam_msgs/slam_msgs/srv/get_landmarks_in_view.hpp
[6.683s] -- Installing: /root/install/slam_msgs/include/slam_msgs/slam_msgs/srv/get_map.hpp
[6.683s] -- Installing: /root/install/slam_msgs/include/slam_msgs/slam_msgs/srv/get_global_point_cloud.hpp
[6.683s] -- Installing: /root/install/slam_msgs/include/slam_msgs/slam_msgs/srv/get_all_landmarks_in_map.hpp
[6.683s] -- Up-to-date: /root/install/slam_msgs/include/slam_msgs/slam_msgs
[6.683s] -- Up-to-date: /root/install/slam_msgs/include/slam_msgs/slam_msgs/msg
[6.683s] -- Installing: /root/install/slam_msgs/include/slam_msgs/slam_msgs/msg/rosidl_typesupport_fastrtps_cpp__visibility_control.h
[6.683s] -- Up-to-date: /root/install/slam_msgs/include/slam_msgs/slam_msgs/msg/detail
[6.683s] -- Installing: /root/install/slam_msgs/include/slam_msgs/slam_msgs/msg/detail/slam_info__rosidl_typesupport_fastrtps_cpp.hpp
[6.683s] -- Installing: /root/install/slam_msgs/include/slam_msgs/slam_msgs/msg/detail/map_graph__rosidl_typesupport_fastrtps_cpp.hpp
[6.683s] -- Installing: /root/install/slam_msgs/include/slam_msgs/slam_msgs/msg/detail/key_frame__rosidl_typesupport_fastrtps_cpp.hpp
[6.683s] -- Installing: /root/install/slam_msgs/include/slam_msgs/slam_msgs/msg/detail/map_data__rosidl_typesupport_fastrtps_cpp.hpp
[6.683s] -- Installing: /root/install/slam_msgs/include/slam_msgs/slam_msgs/msg/detail/dds_fastrtps
[6.684s] -- Installing: /root/install/slam_msgs/include/slam_msgs/slam_msgs/msg/detail/map_point__rosidl_typesupport_fastrtps_cpp.hpp
[6.684s] -- Up-to-date: /root/install/slam_msgs/include/slam_msgs/slam_msgs/srv
[6.684s] -- Up-to-date: /root/install/slam_msgs/include/slam_msgs/slam_msgs/srv/detail
[6.684s] -- Installing: /root/install/slam_msgs/include/slam_msgs/slam_msgs/srv/detail/get_map__rosidl_typesupport_fastrtps_cpp.hpp
[6.684s] -- Installing: /root/install/slam_msgs/include/slam_msgs/slam_msgs/srv/detail/get_all_landmarks_in_map__rosidl_typesupport_fastrtps_cpp.hpp
[6.684s] -- Installing: /root/install/slam_msgs/include/slam_msgs/slam_msgs/srv/detail/get_global_point_cloud__rosidl_typesupport_fastrtps_cpp.hpp
[6.684s] -- Installing: /root/install/slam_msgs/include/slam_msgs/slam_msgs/srv/detail/get_landmarks_in_view__rosidl_typesupport_fastrtps_cpp.hpp
[6.684s] -- Installing: /root/install/slam_msgs/include/slam_msgs/slam_msgs/srv/detail/dds_fastrtps
[6.684s] -- Installing: /root/install/slam_msgs/lib/libslam_msgs__rosidl_typesupport_fastrtps_cpp.so
[6.685s] -- Set runtime path of "/root/install/slam_msgs/lib/libslam_msgs__rosidl_typesupport_fastrtps_cpp.so" to ""
[6.685s] -- Up-to-date: /root/install/slam_msgs/include/slam_msgs/slam_msgs
[6.685s] -- Up-to-date: /root/install/slam_msgs/include/slam_msgs/slam_msgs/msg
[6.685s] -- Up-to-date: /root/install/slam_msgs/include/slam_msgs/slam_msgs/msg/detail
[6.685s] -- Installing: /root/install/slam_msgs/include/slam_msgs/slam_msgs/msg/detail/slam_info__type_support.c
[6.685s] -- Installing: /root/install/slam_msgs/include/slam_msgs/slam_msgs/msg/detail/slam_info__rosidl_typesupport_introspection_c.h
[6.685s] -- Installing: /root/install/slam_msgs/include/slam_msgs/slam_msgs/msg/detail/map_point__rosidl_typesupport_introspection_c.h
[6.685s] -- Installing: /root/install/slam_msgs/include/slam_msgs/slam_msgs/msg/detail/key_frame__type_support.c
[6.685s] -- Installing: /root/install/slam_msgs/include/slam_msgs/slam_msgs/msg/detail/map_graph__type_support.c
[6.686s] -- Installing: /root/install/slam_msgs/include/slam_msgs/slam_msgs/msg/detail/key_frame__rosidl_typesupport_introspection_c.h
[6.686s] -- Installing: /root/install/slam_msgs/include/slam_msgs/slam_msgs/msg/detail/map_point__type_support.c
[6.686s] -- Installing: /root/install/slam_msgs/include/slam_msgs/slam_msgs/msg/detail/map_data__rosidl_typesupport_introspection_c.h
[6.686s] -- Installing: /root/install/slam_msgs/include/slam_msgs/slam_msgs/msg/detail/map_graph__rosidl_typesupport_introspection_c.h
[6.686s] -- Installing: /root/install/slam_msgs/include/slam_msgs/slam_msgs/msg/detail/map_data__type_support.c
[6.686s] -- Installing: /root/install/slam_msgs/include/slam_msgs/slam_msgs/msg/rosidl_typesupport_introspection_c__visibility_control.h
[6.686s] -- Up-to-date: /root/install/slam_msgs/include/slam_msgs/slam_msgs/srv
[6.686s] -- Up-to-date: /root/install/slam_msgs/include/slam_msgs/slam_msgs/srv/detail
[6.686s] -- Installing: /root/install/slam_msgs/include/slam_msgs/slam_msgs/srv/detail/get_all_landmarks_in_map__type_support.c
[6.686s] -- Installing: /root/install/slam_msgs/include/slam_msgs/slam_msgs/srv/detail/get_all_landmarks_in_map__rosidl_typesupport_introspection_c.h
[6.686s] -- Installing: /root/install/slam_msgs/include/slam_msgs/slam_msgs/srv/detail/get_global_point_cloud__type_support.c
[6.686s] -- Installing: /root/install/slam_msgs/include/slam_msgs/slam_msgs/srv/detail/get_global_point_cloud__rosidl_typesupport_introspection_c.h
[6.687s] -- Installing: /root/install/slam_msgs/include/slam_msgs/slam_msgs/srv/detail/get_map__type_support.c
[6.687s] -- Installing: /root/install/slam_msgs/include/slam_msgs/slam_msgs/srv/detail/get_landmarks_in_view__rosidl_typesupport_introspection_c.h
[6.687s] -- Installing: /root/install/slam_msgs/include/slam_msgs/slam_msgs/srv/detail/get_map__rosidl_typesupport_introspection_c.h
[6.687s] -- Installing: /root/install/slam_msgs/include/slam_msgs/slam_msgs/srv/detail/get_landmarks_in_view__type_support.c
[6.687s] -- Installing: /root/install/slam_msgs/lib/libslam_msgs__rosidl_typesupport_introspection_c.so
[6.687s] -- Set runtime path of "/root/install/slam_msgs/lib/libslam_msgs__rosidl_typesupport_introspection_c.so" to ""
[6.687s] -- Installing: /root/install/slam_msgs/lib/libslam_msgs__rosidl_typesupport_c.so
[6.688s] -- Set runtime path of "/root/install/slam_msgs/lib/libslam_msgs__rosidl_typesupport_c.so" to ""
[6.688s] -- Up-to-date: /root/install/slam_msgs/include/slam_msgs/slam_msgs
[6.688s] -- Up-to-date: /root/install/slam_msgs/include/slam_msgs/slam_msgs/msg
[6.688s] -- Up-to-date: /root/install/slam_msgs/include/slam_msgs/slam_msgs/msg/detail
[6.688s] -- Installing: /root/install/slam_msgs/include/slam_msgs/slam_msgs/msg/detail/map_data__type_support.cpp
[6.688s] -- Installing: /root/install/slam_msgs/include/slam_msgs/slam_msgs/msg/detail/slam_info__rosidl_typesupport_introspection_cpp.hpp
[6.688s] -- Installing: /root/install/slam_msgs/include/slam_msgs/slam_msgs/msg/detail/slam_info__type_support.cpp
[6.688s] -- Installing: /root/install/slam_msgs/include/slam_msgs/slam_msgs/msg/detail/map_data__rosidl_typesupport_introspection_cpp.hpp
[6.688s] -- Installing: /root/install/slam_msgs/include/slam_msgs/slam_msgs/msg/detail/map_point__type_support.cpp
[6.688s] -- Installing: /root/install/slam_msgs/include/slam_msgs/slam_msgs/msg/detail/map_graph__rosidl_typesupport_introspection_cpp.hpp
[6.688s] -- Installing: /root/install/slam_msgs/include/slam_msgs/slam_msgs/msg/detail/map_graph__type_support.cpp
[6.688s] -- Installing: /root/install/slam_msgs/include/slam_msgs/slam_msgs/msg/detail/key_frame__rosidl_typesupport_introspection_cpp.hpp
[6.688s] -- Installing: /root/install/slam_msgs/include/slam_msgs/slam_msgs/msg/detail/map_point__rosidl_typesupport_introspection_cpp.hpp
[6.689s] -- Installing: /root/install/slam_msgs/include/slam_msgs/slam_msgs/msg/detail/key_frame__type_support.cpp
[6.689s] -- Up-to-date: /root/install/slam_msgs/include/slam_msgs/slam_msgs/srv
[6.689s] -- Up-to-date: /root/install/slam_msgs/include/slam_msgs/slam_msgs/srv/detail
[6.689s] -- Installing: /root/install/slam_msgs/include/slam_msgs/slam_msgs/srv/detail/get_global_point_cloud__type_support.cpp
[6.689s] -- Installing: /root/install/slam_msgs/include/slam_msgs/slam_msgs/srv/detail/get_all_landmarks_in_map__type_support.cpp
[6.689s] -- Installing: /root/install/slam_msgs/include/slam_msgs/slam_msgs/srv/detail/get_map__rosidl_typesupport_introspection_cpp.hpp
[6.689s] -- Installing: /root/install/slam_msgs/include/slam_msgs/slam_msgs/srv/detail/get_global_point_cloud__rosidl_typesupport_introspection_cpp.hpp
[6.689s] -- Installing: /root/install/slam_msgs/include/slam_msgs/slam_msgs/srv/detail/get_landmarks_in_view__type_support.cpp
[6.689s] -- Installing: /root/install/slam_msgs/include/slam_msgs/slam_msgs/srv/detail/get_map__type_support.cpp
[6.689s] -- Installing: /root/install/slam_msgs/include/slam_msgs/slam_msgs/srv/detail/get_landmarks_in_view__rosidl_typesupport_introspection_cpp.hpp
[6.689s] -- Installing: /root/install/slam_msgs/include/slam_msgs/slam_msgs/srv/detail/get_all_landmarks_in_map__rosidl_typesupport_introspection_cpp.hpp
[6.690s] -- Installing: /root/install/slam_msgs/lib/libslam_msgs__rosidl_typesupport_introspection_cpp.so
[6.691s] -- Set runtime path of "/root/install/slam_msgs/lib/libslam_msgs__rosidl_typesupport_introspection_cpp.so" to ""
[6.691s] -- Installing: /root/install/slam_msgs/lib/libslam_msgs__rosidl_typesupport_cpp.so
[6.691s] -- Set runtime path of "/root/install/slam_msgs/lib/libslam_msgs__rosidl_typesupport_cpp.so" to ""
[6.691s] -- Installing: /root/install/slam_msgs/share/slam_msgs/environment/pythonpath.sh
[6.692s] -- Installing: /root/install/slam_msgs/share/slam_msgs/environment/pythonpath.dsv
[6.692s] -- Installing: /root/install/slam_msgs/local/lib/python3.10/dist-packages/slam_msgs-1.0.0-py3.10.egg-info
[6.692s] -- Installing: /root/install/slam_msgs/local/lib/python3.10/dist-packages/slam_msgs-1.0.0-py3.10.egg-info/SOURCES.txt
[6.692s] -- Installing: /root/install/slam_msgs/local/lib/python3.10/dist-packages/slam_msgs-1.0.0-py3.10.egg-info/top_level.txt
[6.692s] -- Installing: /root/install/slam_msgs/local/lib/python3.10/dist-packages/slam_msgs-1.0.0-py3.10.egg-info/dependency_links.txt
[6.692s] -- Installing: /root/install/slam_msgs/local/lib/python3.10/dist-packages/slam_msgs-1.0.0-py3.10.egg-info/PKG-INFO
[6.692s] -- Installing: /root/install/slam_msgs/local/lib/python3.10/dist-packages/slam_msgs
[6.692s] -- Installing: /root/install/slam_msgs/local/lib/python3.10/dist-packages/slam_msgs/slam_msgs_s__rosidl_typesupport_c.cpython-310-x86_64-linux-gnu.so
[6.692s] -- Installing: /root/install/slam_msgs/local/lib/python3.10/dist-packages/slam_msgs/slam_msgs_s__rosidl_typesupport_introspection_c.cpython-310-x86_64-linux-gnu.so
[6.692s] -- Installing: /root/install/slam_msgs/local/lib/python3.10/dist-packages/slam_msgs/msg
[6.693s] -- Installing: /root/install/slam_msgs/local/lib/python3.10/dist-packages/slam_msgs/msg/_map_graph_s.c
[6.693s] -- Installing: /root/install/slam_msgs/local/lib/python3.10/dist-packages/slam_msgs/msg/_key_frame.py
[6.693s] -- Installing: /root/install/slam_msgs/local/lib/python3.10/dist-packages/slam_msgs/msg/_key_frame_s.c
[6.693s] -- Installing: /root/install/slam_msgs/local/lib/python3.10/dist-packages/slam_msgs/msg/_map_point.py
[6.693s] -- Installing: /root/install/slam_msgs/local/lib/python3.10/dist-packages/slam_msgs/msg/_map_graph.py
[6.693s] -- Installing: /root/install/slam_msgs/local/lib/python3.10/dist-packages/slam_msgs/msg/_map_data.py
[6.693s] -- Installing: /root/install/slam_msgs/local/lib/python3.10/dist-packages/slam_msgs/msg/_map_point_s.c
[6.693s] -- Installing: /root/install/slam_msgs/local/lib/python3.10/dist-packages/slam_msgs/msg/_slam_info_s.c
[6.693s] -- Installing: /root/install/slam_msgs/local/lib/python3.10/dist-packages/slam_msgs/msg/__init__.py
[6.693s] -- Installing: /root/install/slam_msgs/local/lib/python3.10/dist-packages/slam_msgs/msg/_map_data_s.c
[6.693s] -- Installing: /root/install/slam_msgs/local/lib/python3.10/dist-packages/slam_msgs/msg/_slam_info.py
[6.694s] -- Installing: /root/install/slam_msgs/local/lib/python3.10/dist-packages/slam_msgs/srv
[6.694s] -- Installing: /root/install/slam_msgs/local/lib/python3.10/dist-packages/slam_msgs/srv/_get_map_s.c
[6.694s] -- Installing: /root/install/slam_msgs/local/lib/python3.10/dist-packages/slam_msgs/srv/_get_all_landmarks_in_map_s.c
[6.694s] -- Installing: /root/install/slam_msgs/local/lib/python3.10/dist-packages/slam_msgs/srv/_get_all_landmarks_in_map.py
[6.694s] -- Installing: /root/install/slam_msgs/local/lib/python3.10/dist-packages/slam_msgs/srv/_get_global_point_cloud.py
[6.694s] -- Installing: /root/install/slam_msgs/local/lib/python3.10/dist-packages/slam_msgs/srv/_get_global_point_cloud_s.c
[6.694s] -- Installing: /root/install/slam_msgs/local/lib/python3.10/dist-packages/slam_msgs/srv/_get_landmarks_in_view.py
[6.694s] -- Installing: /root/install/slam_msgs/local/lib/python3.10/dist-packages/slam_msgs/srv/_get_map.py
[6.694s] -- Installing: /root/install/slam_msgs/local/lib/python3.10/dist-packages/slam_msgs/srv/__init__.py
[6.694s] -- Installing: /root/install/slam_msgs/local/lib/python3.10/dist-packages/slam_msgs/srv/_get_landmarks_in_view_s.c
[6.694s] -- Installing: /root/install/slam_msgs/local/lib/python3.10/dist-packages/slam_msgs/libslam_msgs__rosidl_generator_py.so
[6.695s] -- Installing: /root/install/slam_msgs/local/lib/python3.10/dist-packages/slam_msgs/_slam_msgs_s.ep.rosidl_typesupport_fastrtps_c.c
[6.695s] -- Installing: /root/install/slam_msgs/local/lib/python3.10/dist-packages/slam_msgs/_slam_msgs_s.ep.rosidl_typesupport_c.c
[6.695s] -- Installing: /root/install/slam_msgs/local/lib/python3.10/dist-packages/slam_msgs/_slam_msgs_s.ep.rosidl_typesupport_introspection_c.c
[6.695s] -- Installing: /root/install/slam_msgs/local/lib/python3.10/dist-packages/slam_msgs/slam_msgs_s__rosidl_typesupport_fastrtps_c.cpython-310-x86_64-linux-gnu.so
[6.695s] -- Installing: /root/install/slam_msgs/local/lib/python3.10/dist-packages/slam_msgs/__init__.py
[6.729s] Listing '/root/install/slam_msgs/local/lib/python3.10/dist-packages/slam_msgs'...
[6.729s] Compiling '/root/install/slam_msgs/local/lib/python3.10/dist-packages/slam_msgs/__init__.py'...
[6.729s] Listing '/root/install/slam_msgs/local/lib/python3.10/dist-packages/slam_msgs/msg'...
[6.729s] Compiling '/root/install/slam_msgs/local/lib/python3.10/dist-packages/slam_msgs/msg/__init__.py'...
[6.729s] Compiling '/root/install/slam_msgs/local/lib/python3.10/dist-packages/slam_msgs/msg/_key_frame.py'...
[6.729s] Compiling '/root/install/slam_msgs/local/lib/python3.10/dist-packages/slam_msgs/msg/_map_data.py'...
[6.729s] Compiling '/root/install/slam_msgs/local/lib/python3.10/dist-packages/slam_msgs/msg/_map_graph.py'...
[6.729s] Compiling '/root/install/slam_msgs/local/lib/python3.10/dist-packages/slam_msgs/msg/_map_point.py'...
[6.729s] Compiling '/root/install/slam_msgs/local/lib/python3.10/dist-packages/slam_msgs/msg/_slam_info.py'...
[6.729s] Listing '/root/install/slam_msgs/local/lib/python3.10/dist-packages/slam_msgs/srv'...
[6.729s] Compiling '/root/install/slam_msgs/local/lib/python3.10/dist-packages/slam_msgs/srv/__init__.py'...
[6.729s] Compiling '/root/install/slam_msgs/local/lib/python3.10/dist-packages/slam_msgs/srv/_get_all_landmarks_in_map.py'...
[6.730s] Compiling '/root/install/slam_msgs/local/lib/python3.10/dist-packages/slam_msgs/srv/_get_global_point_cloud.py'...
[6.730s] Compiling '/root/install/slam_msgs/local/lib/python3.10/dist-packages/slam_msgs/srv/_get_landmarks_in_view.py'...
[6.730s] Compiling '/root/install/slam_msgs/local/lib/python3.10/dist-packages/slam_msgs/srv/_get_map.py'...
[6.734s] -- Installing: /root/install/slam_msgs/local/lib/python3.10/dist-packages/slam_msgs/slam_msgs_s__rosidl_typesupport_fastrtps_c.cpython-310-x86_64-linux-gnu.so
[6.734s] -- Set runtime path of "/root/install/slam_msgs/local/lib/python3.10/dist-packages/slam_msgs/slam_msgs_s__rosidl_typesupport_fastrtps_c.cpython-310-x86_64-linux-gnu.so" to ""
[6.734s] -- Installing: /root/install/slam_msgs/local/lib/python3.10/dist-packages/slam_msgs/slam_msgs_s__rosidl_typesupport_introspection_c.cpython-310-x86_64-linux-gnu.so
[6.734s] -- Set runtime path of "/root/install/slam_msgs/local/lib/python3.10/dist-packages/slam_msgs/slam_msgs_s__rosidl_typesupport_introspection_c.cpython-310-x86_64-linux-gnu.so" to ""
[6.735s] -- Installing: /root/install/slam_msgs/local/lib/python3.10/dist-packages/slam_msgs/slam_msgs_s__rosidl_typesupport_c.cpython-310-x86_64-linux-gnu.so
[6.735s] -- Set runtime path of "/root/install/slam_msgs/local/lib/python3.10/dist-packages/slam_msgs/slam_msgs_s__rosidl_typesupport_c.cpython-310-x86_64-linux-gnu.so" to ""
[6.735s] -- Installing: /root/install/slam_msgs/lib/libslam_msgs__rosidl_generator_py.so
[6.735s] -- Set runtime path of "/root/install/slam_msgs/lib/libslam_msgs__rosidl_generator_py.so" to ""
[6.735s] -- Installing: /root/install/slam_msgs/share/slam_msgs/msg/MapGraph.idl
[6.735s] -- Installing: /root/install/slam_msgs/share/slam_msgs/msg/MapData.idl
[6.736s] -- Installing: /root/install/slam_msgs/share/slam_msgs/msg/KeyFrame.idl
[6.736s] -- Installing: /root/install/slam_msgs/share/slam_msgs/msg/MapPoint.idl
[6.736s] -- Installing: /root/install/slam_msgs/share/slam_msgs/msg/SlamInfo.idl
[6.736s] -- Installing: /root/install/slam_msgs/share/slam_msgs/srv/GetMap.idl
[6.736s] -- Installing: /root/install/slam_msgs/share/slam_msgs/srv/GetLandmarksInView.idl
[6.736s] -- Installing: /root/install/slam_msgs/share/slam_msgs/srv/GetAllLandmarksInMap.idl
[6.737s] -- Installing: /root/install/slam_msgs/share/slam_msgs/srv/GetGlobalPointCloud.idl
[6.737s] -- Installing: /root/install/slam_msgs/share/slam_msgs/msg/MapGraph.msg
[6.737s] -- Installing: /root/install/slam_msgs/share/slam_msgs/msg/MapData.msg
[6.737s] -- Installing: /root/install/slam_msgs/share/slam_msgs/msg/KeyFrame.msg
[6.737s] -- Installing: /root/install/slam_msgs/share/slam_msgs/msg/MapPoint.msg
[6.737s] -- Installing: /root/install/slam_msgs/share/slam_msgs/msg/SlamInfo.msg
[6.738s] -- Installing: /root/install/slam_msgs/share/slam_msgs/srv/GetMap.srv
[6.738s] -- Installing: /root/install/slam_msgs/share/slam_msgs/srv/GetMap_Request.msg
[6.738s] -- Installing: /root/install/slam_msgs/share/slam_msgs/srv/GetMap_Response.msg
[6.738s] -- Installing: /root/install/slam_msgs/share/slam_msgs/srv/GetLandmarksInView.srv
[6.738s] -- Installing: /root/install/slam_msgs/share/slam_msgs/srv/GetLandmarksInView_Request.msg
[6.738s] -- Installing: /root/install/slam_msgs/share/slam_msgs/srv/GetLandmarksInView_Response.msg
[6.738s] -- Installing: /root/install/slam_msgs/share/slam_msgs/srv/GetAllLandmarksInMap.srv
[6.738s] -- Installing: /root/install/slam_msgs/share/slam_msgs/srv/GetAllLandmarksInMap_Request.msg
[6.738s] -- Installing: /root/install/slam_msgs/share/slam_msgs/srv/GetAllLandmarksInMap_Response.msg
[6.738s] -- Installing: /root/install/slam_msgs/share/slam_msgs/srv/GetGlobalPointCloud.srv
[6.739s] -- Installing: /root/install/slam_msgs/share/slam_msgs/srv/GetGlobalPointCloud_Request.msg
[6.739s] -- Installing: /root/install/slam_msgs/share/slam_msgs/srv/GetGlobalPointCloud_Response.msg
[6.739s] -- Installing: /root/install/slam_msgs/share/ament_index/resource_index/package_run_dependencies/slam_msgs
[6.739s] -- Installing: /root/install/slam_msgs/share/ament_index/resource_index/parent_prefix_path/slam_msgs
[6.739s] -- Installing: /root/install/slam_msgs/share/slam_msgs/environment/ament_prefix_path.sh
[6.739s] -- Installing: /root/install/slam_msgs/share/slam_msgs/environment/ament_prefix_path.dsv
[6.739s] -- Installing: /root/install/slam_msgs/share/slam_msgs/environment/path.sh
[6.739s] -- Installing: /root/install/slam_msgs/share/slam_msgs/environment/path.dsv
[6.739s] -- Installing: /root/install/slam_msgs/share/slam_msgs/local_setup.bash
[6.740s] -- Installing: /root/install/slam_msgs/share/slam_msgs/local_setup.sh
[6.740s] -- Installing: /root/install/slam_msgs/share/slam_msgs/local_setup.zsh
[6.740s] -- Installing: /root/install/slam_msgs/share/slam_msgs/local_setup.dsv
[6.740s] -- Installing: /root/install/slam_msgs/share/slam_msgs/package.dsv
[6.740s] -- Installing: /root/install/slam_msgs/share/ament_index/resource_index/packages/slam_msgs
[6.740s] -- Installing: /root/install/slam_msgs/share/slam_msgs/cmake/export_slam_msgs__rosidl_generator_cExport.cmake
[6.740s] -- Installing: /root/install/slam_msgs/share/slam_msgs/cmake/export_slam_msgs__rosidl_generator_cExport-noconfig.cmake
[6.740s] -- Installing: /root/install/slam_msgs/share/slam_msgs/cmake/export_slam_msgs__rosidl_typesupport_fastrtps_cExport.cmake
[6.740s] -- Installing: /root/install/slam_msgs/share/slam_msgs/cmake/export_slam_msgs__rosidl_typesupport_fastrtps_cExport-noconfig.cmake
[6.741s] -- Installing: /root/install/slam_msgs/share/slam_msgs/cmake/export_slam_msgs__rosidl_generator_cppExport.cmake
[6.741s] -- Installing: /root/install/slam_msgs/share/slam_msgs/cmake/export_slam_msgs__rosidl_typesupport_fastrtps_cppExport.cmake
[6.741s] -- Installing: /root/install/slam_msgs/share/slam_msgs/cmake/export_slam_msgs__rosidl_typesupport_fastrtps_cppExport-noconfig.cmake
[6.741s] -- Installing: /root/install/slam_msgs/share/slam_msgs/cmake/slam_msgs__rosidl_typesupport_introspection_cExport.cmake
[6.741s] -- Installing: /root/install/slam_msgs/share/slam_msgs/cmake/slam_msgs__rosidl_typesupport_introspection_cExport-noconfig.cmake
[6.741s] -- Installing: /root/install/slam_msgs/share/slam_msgs/cmake/slam_msgs__rosidl_typesupport_cExport.cmake
[6.741s] -- Installing: /root/install/slam_msgs/share/slam_msgs/cmake/slam_msgs__rosidl_typesupport_cExport-noconfig.cmake
[6.741s] -- Installing: /root/install/slam_msgs/share/slam_msgs/cmake/slam_msgs__rosidl_typesupport_introspection_cppExport.cmake
[6.741s] -- Installing: /root/install/slam_msgs/share/slam_msgs/cmake/slam_msgs__rosidl_typesupport_introspection_cppExport-noconfig.cmake
[6.742s] -- Installing: /root/install/slam_msgs/share/slam_msgs/cmake/slam_msgs__rosidl_typesupport_cppExport.cmake
[6.742s] -- Installing: /root/install/slam_msgs/share/slam_msgs/cmake/slam_msgs__rosidl_typesupport_cppExport-noconfig.cmake
[6.742s] -- Installing: /root/install/slam_msgs/share/slam_msgs/cmake/export_slam_msgs__rosidl_generator_pyExport.cmake
[6.742s] -- Installing: /root/install/slam_msgs/share/slam_msgs/cmake/export_slam_msgs__rosidl_generator_pyExport-noconfig.cmake
[6.742s] -- Installing: /root/install/slam_msgs/share/slam_msgs/cmake/rosidl_cmake-extras.cmake
[6.742s] -- Installing: /root/install/slam_msgs/share/slam_msgs/cmake/ament_cmake_export_dependencies-extras.cmake
[6.742s] -- Installing: /root/install/slam_msgs/share/slam_msgs/cmake/ament_cmake_export_include_directories-extras.cmake
[6.742s] -- Installing: /root/install/slam_msgs/share/slam_msgs/cmake/ament_cmake_export_libraries-extras.cmake
[6.742s] -- Installing: /root/install/slam_msgs/share/slam_msgs/cmake/ament_cmake_export_targets-extras.cmake
[6.743s] -- Installing: /root/install/slam_msgs/share/slam_msgs/cmake/rosidl_cmake_export_typesupport_targets-extras.cmake
[6.743s] -- Installing: /root/install/slam_msgs/share/slam_msgs/cmake/rosidl_cmake_export_typesupport_libraries-extras.cmake
[6.743s] -- Installing: /root/install/slam_msgs/share/slam_msgs/cmake/slam_msgsConfig.cmake
[6.743s] -- Installing: /root/install/slam_msgs/share/slam_msgs/cmake/slam_msgsConfig-version.cmake
[6.743s] -- Installing: /root/install/slam_msgs/share/slam_msgs/package.xml
[6.746s] Invoked command in '/root/build/slam_msgs' returned '0': CMAKE_PREFIX_PATH=${CMAKE_PREFIX_PATH}:/opt/ros/humble /usr/bin/cmake --install /root/build/slam_msgs
