running egg_info
creating ../../../build/yolo_ros2/yolo_ros2.egg-info
writing ../../../build/yolo_ros2/yolo_ros2.egg-info/PKG-INFO
writing dependency_links to ../../../build/yolo_ros2/yolo_ros2.egg-info/dependency_links.txt
writing entry points to ../../../build/yolo_ros2/yolo_ros2.egg-info/entry_points.txt
writing requirements to ../../../build/yolo_ros2/yolo_ros2.egg-info/requires.txt
writing top-level names to ../../../build/yolo_ros2/yolo_ros2.egg-info/top_level.txt
writing manifest file '../../../build/yolo_ros2/yolo_ros2.egg-info/SOURCES.txt'
reading manifest file '../../../build/yolo_ros2/yolo_ros2.egg-info/SOURCES.txt'
writing manifest file '../../../build/yolo_ros2/yolo_ros2.egg-info/SOURCES.txt'
running build
running build_py
creating /root/build/yolo_ros2/build
creating /root/build/yolo_ros2/build/lib
creating /root/build/yolo_ros2/build/lib/yolo_ros2
copying yolo_ros2/yolo_node.py -> /root/build/yolo_ros2/build/lib/yolo_ros2
copying yolo_ros2/__init__.py -> /root/build/yolo_ros2/build/lib/yolo_ros2
running install
running install_lib
creating /root/install/yolo_ros2/lib/python3.10/site-packages/yolo_ros2
copying /root/build/yolo_ros2/build/lib/yolo_ros2/yolo_node.py -> /root/install/yolo_ros2/lib/python3.10/site-packages/yolo_ros2
copying /root/build/yolo_ros2/build/lib/yolo_ros2/__init__.py -> /root/install/yolo_ros2/lib/python3.10/site-packages/yolo_ros2
byte-compiling /root/install/yolo_ros2/lib/python3.10/site-packages/yolo_ros2/yolo_node.py to yolo_node.cpython-310.pyc
byte-compiling /root/install/yolo_ros2/lib/python3.10/site-packages/yolo_ros2/__init__.py to __init__.cpython-310.pyc
running install_data
creating /root/install/yolo_ros2/share
creating /root/install/yolo_ros2/share/ament_index
creating /root/install/yolo_ros2/share/ament_index/resource_index
creating /root/install/yolo_ros2/share/ament_index/resource_index/packages
copying resource/yolo_ros2 -> /root/install/yolo_ros2/share/ament_index/resource_index/packages
creating /root/install/yolo_ros2/share/yolo_ros2
copying package.xml -> /root/install/yolo_ros2/share/yolo_ros2
running install_egg_info
Copying ../../../build/yolo_ros2/yolo_ros2.egg-info to /root/install/yolo_ros2/lib/python3.10/site-packages/yolo_ros2-0.0.0-py3.10.egg-info
running install_scripts
Installing yolo_node script to /root/install/yolo_ros2/lib/yolo_ros2
writing list of installed files to '/root/build/yolo_ros2/install.log'
running egg_info
creating ../../../build/yolo_ros2/UNKNOWN.egg-info
writing ../../../build/yolo_ros2/UNKNOWN.egg-info/PKG-INFO
writing dependency_links to ../../../build/yolo_ros2/UNKNOWN.egg-info/dependency_links.txt
writing top-level names to ../../../build/yolo_ros2/UNKNOWN.egg-info/top_level.txt
writing manifest file '../../../build/yolo_ros2/UNKNOWN.egg-info/SOURCES.txt'
reading manifest file '../../../build/yolo_ros2/UNKNOWN.egg-info/SOURCES.txt'
writing manifest file '../../../build/yolo_ros2/UNKNOWN.egg-info/SOURCES.txt'
running build
running install
running install_egg_info
Copying ../../../build/yolo_ros2/UNKNOWN.egg-info to /root/install/yolo_ros2/lib/python3.10/site-packages/UNKNOWN-0.0.0-py3.10.egg-info
running install_scripts
writing list of installed files to '/root/build/yolo_ros2/install.log'
