[0.091s] DEBUG:colcon:Command line arguments: ['/usr/bin/colcon', 'build']
[0.091s] DEBUG:colcon:Parsed command line arguments: Namespace(log_base=None, log_level=None, verb_name='build', build_base='build', install_base='install', merge_install=False, symlink_install=False, test_result_base=None, continue_on_error=False, executor='parallel', parallel_workers=16, event_handlers=None, ignore_user_meta=False, metas=['./colcon.meta'], base_paths=['.'], packages_ignore=None, packages_ignore_regex=None, paths=None, packages_up_to=None, packages_up_to_regex=None, packages_above=None, packages_above_and_dependencies=None, packages_above_depth=None, packages_select_by_dep=None, packages_skip_by_dep=None, packages_skip_up_to=None, packages_select_build_failed=False, packages_skip_build_finished=False, packages_select_test_failures=False, packages_skip_test_passed=False, packages_select=None, packages_skip=None, packages_select_regex=None, packages_skip_regex=None, packages_start=None, packages_end=None, cmake_args=None, cmake_target=None, cmake_target_skip_unavailable=False, cmake_clean_cache=False, cmake_clean_first=False, cmake_force_configure=False, ament_cmake_args=None, catkin_cmake_args=None, catkin_skip_building_tests=False, mixin_files=None, mixin=None, verb_parser=<colcon_mixin.mixin.mixin_argument.MixinArgumentDecorator object at 0x7daed5af8820>, verb_extension=<colcon_core.verb.build.BuildVerb object at 0x7daed5af8220>, main=<bound method BuildVerb.main of <colcon_core.verb.build.BuildVerb object at 0x7daed5af8220>>, mixin_verb=('build',))
[0.200s] Level 1:colcon.colcon_core.package_discovery:discover_packages(colcon_meta) check parameters
[0.200s] Level 1:colcon.colcon_core.package_discovery:discover_packages(recursive) check parameters
[0.200s] Level 1:colcon.colcon_core.package_discovery:discover_packages(ignore) check parameters
[0.200s] Level 1:colcon.colcon_core.package_discovery:discover_packages(path) check parameters
[0.200s] Level 1:colcon.colcon_core.package_discovery:discover_packages(colcon_meta) discover
[0.200s] Level 1:colcon.colcon_core.package_discovery:discover_packages(recursive) discover
[0.200s] INFO:colcon.colcon_core.package_discovery:Crawling recursively for packages in '/home/orb/ORB_SLAM3'
[0.200s] Level 1:colcon.colcon_core.package_identification:_identify(.) by extensions ['ignore', 'ignore_ament_install']
[0.200s] Level 1:colcon.colcon_core.package_identification:_identify(.) by extension 'ignore'
[0.200s] Level 1:colcon.colcon_core.package_identification:_identify(.) by extension 'ignore_ament_install'
[0.201s] Level 1:colcon.colcon_core.package_identification:_identify(.) by extensions ['colcon_pkg']
[0.201s] Level 1:colcon.colcon_core.package_identification:_identify(.) by extension 'colcon_pkg'
[0.201s] Level 1:colcon.colcon_core.package_identification:_identify(.) by extensions ['colcon_meta']
[0.201s] Level 1:colcon.colcon_core.package_identification:_identify(.) by extension 'colcon_meta'
[0.201s] Level 1:colcon.colcon_core.package_identification:_identify(.) by extensions ['ros']
[0.201s] Level 1:colcon.colcon_core.package_identification:_identify(.) by extension 'ros'
[0.208s] Level 1:colcon.colcon_core.package_identification:_identify(.) by extensions ['cmake', 'python']
[0.208s] Level 1:colcon.colcon_core.package_identification:_identify(.) by extension 'cmake'
[0.221s] Level 1:colcon.colcon_core.package_identification:_identify(.) by extension 'python'
[0.221s] DEBUG:colcon.colcon_core.package_identification:Package '.' with type 'cmake' and name 'ORB_SLAM3'
[0.221s] Level 1:colcon.colcon_core.package_discovery:discover_packages(recursive) using defaults
[0.221s] Level 1:colcon.colcon_core.package_discovery:discover_packages(ignore) discover
[0.221s] Level 1:colcon.colcon_core.package_discovery:discover_packages(ignore) using defaults
[0.221s] Level 1:colcon.colcon_core.package_discovery:discover_packages(path) discover
[0.221s] Level 1:colcon.colcon_core.package_discovery:discover_packages(path) using defaults
[0.237s] Level 5:colcon.colcon_core.verb:set package 'ORB_SLAM3' build argument 'cmake_args' from command line to 'None'
[0.238s] Level 5:colcon.colcon_core.verb:set package 'ORB_SLAM3' build argument 'cmake_target' from command line to 'None'
[0.238s] Level 5:colcon.colcon_core.verb:set package 'ORB_SLAM3' build argument 'cmake_target_skip_unavailable' from command line to 'False'
[0.238s] Level 5:colcon.colcon_core.verb:set package 'ORB_SLAM3' build argument 'cmake_clean_cache' from command line to 'False'
[0.238s] Level 5:colcon.colcon_core.verb:set package 'ORB_SLAM3' build argument 'cmake_clean_first' from command line to 'False'
[0.238s] Level 5:colcon.colcon_core.verb:set package 'ORB_SLAM3' build argument 'cmake_force_configure' from command line to 'False'
[0.238s] Level 5:colcon.colcon_core.verb:set package 'ORB_SLAM3' build argument 'ament_cmake_args' from command line to 'None'
[0.238s] Level 5:colcon.colcon_core.verb:set package 'ORB_SLAM3' build argument 'catkin_cmake_args' from command line to 'None'
[0.238s] Level 5:colcon.colcon_core.verb:set package 'ORB_SLAM3' build argument 'catkin_skip_building_tests' from command line to 'False'
[0.238s] DEBUG:colcon.colcon_core.verb:Building package 'ORB_SLAM3' with the following arguments: {'ament_cmake_args': None, 'build_base': '/home/orb/ORB_SLAM3/build/ORB_SLAM3', 'catkin_cmake_args': None, 'catkin_skip_building_tests': False, 'cmake_args': None, 'cmake_clean_cache': False, 'cmake_clean_first': False, 'cmake_force_configure': False, 'cmake_target': None, 'cmake_target_skip_unavailable': False, 'install_base': '/home/orb/ORB_SLAM3/install/ORB_SLAM3', 'merge_install': False, 'path': '/home/orb/ORB_SLAM3', 'symlink_install': False, 'test_result_base': None}
[0.238s] INFO:colcon.colcon_core.executor:Executing jobs using 'parallel' executor
[0.239s] DEBUG:colcon.colcon_parallel_executor.executor.parallel:run_until_complete
[0.239s] INFO:colcon.colcon_cmake.task.cmake.build:Building CMake package in '/home/orb/ORB_SLAM3'
[0.242s] INFO:colcon.colcon_core.plugin_system:Skipping extension 'colcon_core.shell.bat': Not used on non-Windows systems
[0.242s] INFO:colcon.colcon_core.shell:Skip shell extension 'powershell' for command environment: Not usable outside of PowerShell
[0.242s] DEBUG:colcon.colcon_core.shell:Skip shell extension 'dsv' for command environment
[0.251s] DEBUG:colcon.colcon_core.event_handler.log_command:Invoking command in '/home/orb/ORB_SLAM3/build/ORB_SLAM3': /usr/bin/cmake /home/orb/ORB_SLAM3 -DCMAKE_INSTALL_PREFIX=/home/orb/ORB_SLAM3/install/ORB_SLAM3
[1.567s] DEBUG:colcon.colcon_core.event_handler.log_command:Invoked command in '/home/orb/ORB_SLAM3/build/ORB_SLAM3' returned '0': /usr/bin/cmake /home/orb/ORB_SLAM3 -DCMAKE_INSTALL_PREFIX=/home/orb/ORB_SLAM3/install/ORB_SLAM3
[1.569s] DEBUG:colcon.colcon_core.event_handler.log_command:Invoking command in '/home/orb/ORB_SLAM3/build/ORB_SLAM3': /usr/bin/cmake --build /home/orb/ORB_SLAM3/build/ORB_SLAM3 -- -j16 -l16
[194.137s] DEBUG:colcon.colcon_core.event_handler.log_command:Invoked command in '/home/orb/ORB_SLAM3/build/ORB_SLAM3' returned '2': /usr/bin/cmake --build /home/orb/ORB_SLAM3/build/ORB_SLAM3 -- -j16 -l16
[194.158s] DEBUG:colcon.colcon_parallel_executor.executor.parallel:closing loop
[194.166s] DEBUG:colcon.colcon_parallel_executor.executor.parallel:loop closed
[194.167s] DEBUG:colcon.colcon_parallel_executor.executor.parallel:run_until_complete finished with '2'
[194.168s] DEBUG:colcon.colcon_core.event_reactor:joining thread
[194.237s] INFO:colcon.colcon_core.plugin_system:Skipping extension 'colcon_notification.desktop_notification.notify_send': Could not find 'notify-send'
[194.238s] INFO:colcon.colcon_core.plugin_system:Skipping extension 'colcon_notification.desktop_notification.terminal_notifier': Not used on non-Darwin systems
[194.238s] INFO:colcon.colcon_core.plugin_system:Skipping extension 'colcon_notification.desktop_notification.win32': Not used on non-Windows systems
[194.238s] INFO:colcon.colcon_notification.desktop_notification:Sending desktop notification using 'notify2'
[194.241s] DEBUG:colcon.colcon_notification.desktop_notification.notify2:Failed to initialize notify2: org.freedesktop.DBus.Error.Spawn.ExecFailed: /usr/bin/dbus-launch terminated abnormally without any error message
[194.242s] DEBUG:colcon.colcon_core.event_reactor:joined thread
[194.245s] INFO:colcon.colcon_core.shell:Creating prefix script '/home/orb/ORB_SLAM3/install/local_setup.ps1'
[194.256s] INFO:colcon.colcon_core.shell:Creating prefix util module '/home/orb/ORB_SLAM3/install/_local_setup_util_ps1.py'
[194.258s] INFO:colcon.colcon_core.shell:Creating prefix chain script '/home/orb/ORB_SLAM3/install/setup.ps1'
[194.261s] INFO:colcon.colcon_core.shell:Creating prefix script '/home/orb/ORB_SLAM3/install/local_setup.sh'
[194.262s] INFO:colcon.colcon_core.shell:Creating prefix util module '/home/orb/ORB_SLAM3/install/_local_setup_util_sh.py'
[194.306s] INFO:colcon.colcon_core.shell:Creating prefix chain script '/home/orb/ORB_SLAM3/install/setup.sh'
[194.307s] INFO:colcon.colcon_core.shell:Creating prefix script '/home/orb/ORB_SLAM3/install/local_setup.bash'
[194.308s] INFO:colcon.colcon_core.shell:Creating prefix chain script '/home/orb/ORB_SLAM3/install/setup.bash'
[194.309s] INFO:colcon.colcon_core.shell:Creating prefix script '/home/orb/ORB_SLAM3/install/local_setup.zsh'
[194.309s] INFO:colcon.colcon_core.shell:Creating prefix chain script '/home/orb/ORB_SLAM3/install/setup.zsh'
